C:\Workspaces_NXP\Grad\thermo_graduation_app_lpc865\CMSIS/core_cm0plus.h:741:22:__NVIC_EnableIRQ	16	static
C:\Workspaces_NXP\Grad\thermo_graduation_app_lpc865\drivers/fsl_common_arm.h:570:24:EnableIRQ	24	static
C:\Workspaces_NXP\Grad\thermo_graduation_app_lpc865\drivers/fsl_ftm.h:443:36:FTM_CalculateCounterClkDiv	40	static
C:\Workspaces_NXP\Grad\thermo_graduation_app_lpc865\drivers/fsl_ftm.h:746:20:FTM_StartTimer	24	static
C:\Workspaces_NXP\Grad\thermo_graduation_app_lpc865\drivers/fsl_ftm.h:1042:20:FTM_SetSoftwareTrigger	16	static
../LED_RGB/pwm_controller.c:6:6:pwm_controller_init	64	static
../LED_RGB/pwm_controller.c:51:6:pwm_controller_set_dutty_cycle	40	static
../LED_RGB/pwm_controller.c:63:6:FTM0_IRQHandler	8	static
../LED_RGB/pwm_controller.c:72:6:FTM1_IRQHandler	8	static
