../drivers/fsl_clock.h:436:20:CLOCK_EnableClock	16	static
../drivers/fsl_clock.h:447:20:CLOCK_DisableClock	16	static
../drivers/fsl_ftm.h:862:20:FTM_SetPwmOutputEnable	16	static
../drivers/fsl_ftm.h:912:20:FTM_SetDeadTimeEnable	16	static
../drivers/fsl_ftm.h:931:20:FTM_SetComplementaryEnable	16	static
../drivers/fsl_ftm.c:74:10:FTM_GetInstance	24	static
../drivers/fsl_ftm.c:93:13:FTM_SetPwmSync	40	static
../drivers/fsl_ftm.c:161:13:FTM_SetReloadPoints	32	static
../drivers/fsl_ftm.c:237:10:FTM_Init	24	static
../drivers/fsl_ftm.c:343:6:FTM_Deinit	16	static
../drivers/fsl_ftm.c:376:6:FTM_GetDefaultConfig	16	static
../drivers/fsl_ftm.c:429:10:FTM_SetupPwm	48	static
../drivers/fsl_ftm.c:600:10:FTM_UpdatePwmDutycycle	40	static
../drivers/fsl_ftm.c:669:6:FTM_UpdateChnlEdgeLevelSelect	24	static
../drivers/fsl_ftm.c:696:10:FTM_SetupPwmMode	40	static
../drivers/fsl_ftm.c:843:6:FTM_SetupInputCapture	40	static
../drivers/fsl_ftm.c:892:6:FTM_SetupOutputCompare	40	static
../drivers/fsl_ftm.c:939:6:FTM_SetupDualEdgeCapture	32	static
../drivers/fsl_ftm.c:990:6:FTM_SetupQuadDecode	32	static
../drivers/fsl_ftm.c:1040:6:FTM_SetupFaultInput	24	static
../drivers/fsl_ftm.c:1089:6:FTM_EnableInterrupts	24	static
../drivers/fsl_ftm.c:1145:6:FTM_DisableInterrupts	24	static
../drivers/fsl_ftm.c:1201:10:FTM_GetEnabledInterrupts	24	static
../drivers/fsl_ftm.c:1261:10:FTM_GetStatusFlags	24	static
../drivers/fsl_ftm.c:1313:6:FTM_ClearStatusFlags	16	static
